code:01010101(1) time:2026/06/14 13:37
code:01010102(1) time:2026/06/14 13:37
code:01010102(1) time:2026/06/14 13:38
code:01010101(1) time:2026/06/14 13:41:44
